
> robo-ai-hub@0.1.0 build
> next build

Γû▓ Next.js 16.1.1 (Turbopack)
- Environments: .env

  Creating an optimized production build ...
node.exe : 
At line:1 char:1
+ & "C:\Program Files\nodejs/node.exe" "C:\Program 
Files\nodejs/node_mo ...
+ ~~~~~~~~~~~~~~~~~~~~~~~~~~~~~~~~~~~~~~~~~~~~~~~~~~~~~
~~~~~~~~~~~~~~~~
    + CategoryInfo          : NotSpecified: (:String)  
   [], RemoteException
    + FullyQualifiedErrorId : NativeCommandError
 
> Build error occurred
Error: Turbopack build failed with 5 errors:
./components/ui/ApplicationModal.tsx:7:1
Module not found: Can't resolve '@/app/actions/career'
[0m [90m  5 |[39m [36mimport[39m { 
[33mX[39m[33m,[39m [33mUpload[39m[33m,[39m 
[33mCheckCircle[39m[33m,[39m 
[33mAlertCircle[39m[33m,[39m [33mLoader2[39m } 
[36mfrom[39m [32m'lucide-react'[39m[33m;[39m
 [90m  6 |[39m [36mimport[39m { 
[33mNeonButton[39m } [36mfrom[39m 
[32m'./NeonButton'[39m[33m;[39m
[31m[1m>[22m[39m[90m  7 |[39m [36mimport[39m { 
submitApplication } [36mfrom[39m 
[32m'@/app/actions/career'[39m[33m;[39m
 [90m    |[39m [31m[1m^[22m[39m[31m[1m^[22m[3
9m[31m[1m^[22m[39m[31m[1m^[22m[39m[31m[1m^[2
2m[39m[31m[1m^[22m[39m[31m[1m^[22m[39m[31m[1
m^[22m[39m[31m[1m^[22m[39m[31m[1m^[22m[39m[3
1m[1m^[22m[39m[31m[1m^[22m[39m[31m[1m^[22m[3
9m[31m[1m^[22m[39m[31m[1m^[22m[39m[31m[1m^[2
2m[39m[31m[1m^[22m[39m[31m[1m^[22m[39m[31m[1
m^[22m[39m[31m[1m^[22m[39m[31m[1m^[22m[39m[3
1m[1m^[22m[39m[31m[1m^[22m[39m[31m[1m^[22m[3
9m[31m[1m^[22m[39m[31m[1m^[22m[39m[31m[1m^[2
2m[39m[31m[1m^[22m[39m[31m[1m^[22m[39m[31m[1
m^[22m[39m[31m[1m^[22m[39m[31m[1m^[22m[39m[3
1m[1m^[22m[39m[31m[1m^[22m[39m[31m[1m^[22m[3
9m[31m[1m^[22m[39m[31m[1m^[22m[39m[31m[1m^[2
2m[39m[31m[1m^[22m[39m[31m[1m^[22m[39m[31m[1
m^[22m[39m[31m[1m^[22m[39m[31m[1m^[22m[39m[3
1m[1m^[22m[39m[31m[1m^[22m[39m[31m[1m^[22m[3
9m[31m[1m^[22m[39m[31m[1m^[22m[39m[31m[1m^[2
2m[39m[31m[1m^[22m[39m[31m[1m^[22m[39m[31m[1
m^[22m[39m[31m[1m^[22m[39m[31m[1m^[22m[39m[3
1m[1m^[22m[39m[31m[1m^[22m[39m[31m[1m^[22m[3
9m
 [90m  8 |[39m
 [90m  9 |[39m [36minterface[39m 
[33mApplicationModalProps[39m {
 [90m 10 |[39m     jobId[33m:[39m 
string[33m;[39m[0m

Import map: aliased to relative './app/actions/career' 
inside of [project]/


Import traces:
  Client Component Browser:
    ./components/ui/ApplicationModal.tsx [Client 
Component Browser]
    ./app/career/[id]/page.tsx [Client Component 
Browser]
    ./app/career/[id]/page.tsx [Server Component]

  Client Component SSR:
    ./components/ui/ApplicationModal.tsx [Client 
Component SSR]
    ./app/career/[id]/page.tsx [Client Component SSR]
    ./app/career/[id]/page.tsx [Server Component]

https://nextjs.org/docs/messages/module-not-found


./app/events/page.tsx:5:1
Module not found: Can't resolve '@/app/actions/events'
[0m [90m 3 |[39m [36mimport[39m { 
[33mCalendar[39m[33m,[39m 
[33mMapPin[39m[33m,[39m [33mClock[39m[33m,[39m 
[33mArrowLeft[39m[33m,[39m [33mImage[39m 
[36mas[39m [33mImageIcon[39m } [36mfrom[39m 
[32m'lucide-react'[39m[33m;[39m
 [90m 4 |[39m [36mimport[39m [33mLink[39m 
[36mfrom[39m [32m'next/link'[39m[33m;[39m
[31m[1m>[22m[39m[90m 5 |[39m [36mimport[39m { 
getEvents } [36mfrom[39m 
[32m'@/app/actions/events'[39m[33m;[39m
 [90m   |[39m [31m[1m^[22m[39m[31m[1m^[22m[39
m[31m[1m^[22m[39m[31m[1m^[22m[39m[31m[1m^[22
m[39m[31m[1m^[22m[39m[31m[1m^[22m[39m[31m[1m
^[22m[39m[31m[1m^[22m[39m[31m[1m^[22m[39m[31
m[1m^[22m[39m[31m[1m^[22m[39m[31m[1m^[22m[39
m[31m[1m^[22m[39m[31m[1m^[22m[39m[31m[1m^[22
m[39m[31m[1m^[22m[39m[31m[1m^[22m[39m[31m[1m
^[22m[39m[31m[1m^[22m[39m[31m[1m^[22m[39m[31
m[1m^[22m[39m[31m[1m^[22m[39m[31m[1m^[22m[39
m[31m[1m^[22m[39m[31m[1m^[22m[39m[31m[1m^[22
m[39m[31m[1m^[22m[39m[31m[1m^[22m[39m[31m[1m
^[22m[39m[31m[1m^[22m[39m[31m[1m^[22m[39m[31
m[1m^[22m[39m[31m[1m^[22m[39m[31m[1m^[22m[39
m[31m[1m^[22m[39m[31m[1m^[22m[39m[31m[1m^[22
m[39m[31m[1m^[22m[39m[31m[1m^[22m[39m[31m[1m
^[22m[39m[31m[1m^[22m[39m[31m[1m^[22m[39m[31
m[1m^[22m[39m[31m[1m^[22m[39m[31m[1m^[22m[39
m[31m[1m^[22m[39m[31m[1m^[22m[39m[31m[1m^[22
m[39m
 [90m 6 |[39m
 [90m 7 |[39m [36mexport[39m [36mconst[39m 
revalidate [33m=[39m [35m0[39m[33m;[39m [90m// 
Ensure dynamic data[39m
 [90m 8 |[39m[0m

Import map: aliased to relative './app/actions/events' 
inside of [project]/


https://nextjs.org/docs/messages/module-not-found


./app/career/[id]/page.tsx:4:1
Module not found: Can't resolve '@/app/actions/jobs'
[0m [90m 2 |[39m
 [90m 3 |[39m [36mimport[39m { useState[33m,[39m 
useEffect[33m,[39m use } [36mfrom[39m 
[32m'react'[39m[33m;[39m
[31m[1m>[22m[39m[90m 4 |[39m [36mimport[39m { 
getJobById } [36mfrom[39m 
[32m'@/app/actions/jobs'[39m[33m;[39m
 [90m   |[39m [31m[1m^[22m[39m[31m[1m^[22m[39
m[31m[1m^[22m[39m[31m[1m^[22m[39m[31m[1m^[22
m[39m[31m[1m^[22m[39m[31m[1m^[22m[39m[31m[1m
^[22m[39m[31m[1m^[22m[39m[31m[1m^[22m[39m[31
m[1m^[22m[39m[31m[1m^[22m[39m[31m[1m^[22m[39
m[31m[1m^[22m[39m[31m[1m^[22m[39m[31m[1m^[22
m[39m[31m[1m^[22m[39m[31m[1m^[22m[39m[31m[1m
^[22m[39m[31m[1m^[22m[39m[31m[1m^[22m[39m[31
m[1m^[22m[39m[31m[1m^[22m[39m[31m[1m^[22m[39
m[31m[1m^[22m[39m[31m[1m^[22m[39m[31m[1m^[22
m[39m[31m[1m^[22m[39m[31m[1m^[22m[39m[31m[1m
^[22m[39m[31m[1m^[22m[39m[31m[1m^[22m[39m[31
m[1m^[22m[39m[31m[1m^[22m[39m[31m[1m^[22m[39
m[31m[1m^[22m[39m[31m[1m^[22m[39m[31m[1m^[22
m[39m[31m[1m^[22m[39m[31m[1m^[22m[39m[31m[1m
^[22m[39m[31m[1m^[22m[39m[31m[1m^[22m[39m[31
m[1m^[22m[39m[31m[1m^[22m[39m[31m[1m^[22m[39
m[31m[1m^[22m[39m[31m[1m^[22m[39m
 [90m 5 |[39m [36mimport[39m { 
[33mNeonButton[39m } [36mfrom[39m 
[32m'@/components/ui/NeonButton'[39m[33m;[39m
 [90m 6 |[39m [36mimport[39m { 
[33mArrowLeft[39m[33m,[39m 
[33mClock[39m[33m,[39m [33mMapPin[39m[33m,[39m 
[33mBriefcase[39m } [36mfrom[39m 
[32m'lucide-react'[39m[33m;[39m
 [90m 7 |[39m [36mimport[39m [33mLink[39m 
[36mfrom[39m [32m'next/link'[39m[33m;[39m[0m

Import map: aliased to relative './app/actions/jobs' 
inside of [project]/


Import traces:
  Client Component Browser:
    ./app/career/[id]/page.tsx [Client Component 
Browser]
    ./app/career/[id]/page.tsx [Server Component]

  Client Component SSR:
    ./app/career/[id]/page.tsx [Client Component SSR]
    ./app/career/[id]/page.tsx [Server Component]

https://nextjs.org/docs/messages/module-not-found


./app/career/page.tsx:9:1
Module not found: Can't resolve '@/app/actions/jobs'
[0m [90m  7 |[39m [36mimport[39m { 
[33mBriefcase[39m[33m,[39m 
[33mCode[39m[33m,[39m [33mCpu[39m[33m,[39m 
[33mGlobe[39m[33m,[39m [33mRocket[39m[33m,[39m 
[33mTrendingUp[39m[33m,[39m [33mArrowRight[39m } 
[36mfrom[39m [32m'lucide-react'[39m[33m;[39m
 [90m  8 |[39m [36mimport[39m [33mLink[39m 
[36mfrom[39m [32m'next/link'[39m[33m;[39m
[31m[1m>[22m[39m[90m  9 |[39m [36mimport[39m { 
getJobs } [36mfrom[39m 
[32m'@/app/actions/jobs'[39m[33m;[39m
 [90m    |[39m [31m[1m^[22m[39m[31m[1m^[22m[3
9m[31m[1m^[22m[39m[31m[1m^[22m[39m[31m[1m^[2
2m[39m[31m[1m^[22m[39m[31m[1m^[22m[39m[31m[1
m^[22m[39m[31m[1m^[22m[39m[31m[1m^[22m[39m[3
1m[1m^[22m[39m[31m[1m^[22m[39m[31m[1m^[22m[3
9m[31m[1m^[22m[39m[31m[1m^[22m[39m[31m[1m^[2
2m[39m[31m[1m^[22m[39m[31m[1m^[22m[39m[31m[1
m^[22m[39m[31m[1m^[22m[39m[31m[1m^[22m[39m[3
1m[1m^[22m[39m[31m[1m^[22m[39m[31m[1m^[22m[3
9m[31m[1m^[22m[39m[31m[1m^[22m[39m[31m[1m^[2
2m[39m[31m[1m^[22m[39m[31m[1m^[22m[39m[31m[1
m^[22m[39m[31m[1m^[22m[39m[31m[1m^[22m[39m[3
1m[1m^[22m[39m[31m[1m^[22m[39m[31m[1m^[22m[3
9m[31m[1m^[22m[39m[31m[1m^[22m[39m[31m[1m^[2
2m[39m[31m[1m^[22m[39m[31m[1m^[22m[39m[31m[1
m^[22m[39m[31m[1m^[22m[39m[31m[1m^[22m[39m[3
1m[1m^[22m[39m[31m[1m^[22m[39m
 [90m 10 |[39m
 [90m 11 |[39m [36mexport[39m [36mdefault[39m 
[36mfunction[39m [33mCareerPage[39m() {
 [90m 12 |[39m     [36mconst[39m [jobs[33m,[39m 
setJobs] [33m=[39m useState[33m<[39m[33many[39m[]
[33m>[39m([])[33m;[39m[0m

Import map: aliased to relative './app/actions/jobs' 
inside of [project]/


Import traces:
  Client Component Browser:
    ./app/career/page.tsx [Client Component Browser]
    ./app/career/page.tsx [Server Component]

  Client Component SSR:
    ./app/career/page.tsx [Client Component SSR]
    ./app/career/page.tsx [Server Component]

https://nextjs.org/docs/messages/module-not-found


./lib/db.ts:1:1
Module not found: Can't resolve '@prisma/client'
[0m[31m[1m>[22m[39m[90m 1 |[39m 
[36mimport[39m { [33mPrismaClient[39m } 
[36mfrom[39m [32m'@prisma/client'[39m[33m;[39m
 [90m   |[39m [31m[1m^[22m[39m[31m[1m^[22m[39
m[31m[1m^[22m[39m[31m[1m^[22m[39m[31m[1m^[22
m[39m[31m[1m^[22m[39m[31m[1m^[22m[39m[31m[1m
^[22m[39m[31m[1m^[22m[39m[31m[1m^[22m[39m[31
m[1m^[22m[39m[31m[1m^[22m[39m[31m[1m^[22m[39
m[31m[1m^[22m[39m[31m[1m^[22m[39m[31m[1m^[22
m[39m[31m[1m^[22m[39m[31m[1m^[22m[39m[31m[1m
^[22m[39m[31m[1m^[22m[39m[31m[1m^[22m[39m[31
m[1m^[22m[39m[31m[1m^[22m[39m[31m[1m^[22m[39
m[31m[1m^[22m[39m[31m[1m^[22m[39m[31m[1m^[22
m[39m[31m[1m^[22m[39m[31m[1m^[22m[39m[31m[1m
^[22m[39m[31m[1m^[22m[39m[31m[1m^[22m[39m[31
m[1m^[22m[39m[31m[1m^[22m[39m[31m[1m^[22m[39
m[31m[1m^[22m[39m[31m[1m^[22m[39m[31m[1m^[22
m[39m[31m[1m^[22m[39m[31m[1m^[22m[39m[31m[1m
^[22m[39m[31m[1m^[22m[39m[31m[1m^[22m[39m[31
m[1m^[22m[39m[31m[1m^[22m[39m[31m[1m^[22m[39
m
 [90m 2 |[39m
 [90m 3 |[39m [36mconst[39m globalForPrisma 
[33m=[39m global [36mas[39m unknown [36mas[39m { 
prisma[33m:[39m [33mPrismaClient[39m }[33m;[39m
 [90m 4 |[39m[0m



Import trace:
  Server Component:
    ./lib/db.ts
    ./app/events/[id]/page.tsx

https://nextjs.org/docs/messages/module-not-found


    at <unknown> 
(./components/ui/ApplicationModal.tsx:7:1)
    at <unknown> 
(https://nextjs.org/docs/messages/module-not-found)
    at <unknown> (./app/events/page.tsx:5:1)
    at <unknown> 
(https://nextjs.org/docs/messages/module-not-found)
    at <unknown> (./app/career/[id]/page.tsx:4:1)
    at <unknown> 
(https://nextjs.org/docs/messages/module-not-found)
    at <unknown> (./app/career/page.tsx:9:1)
    at <unknown> 
(https://nextjs.org/docs/messages/module-not-found)
    at <unknown> (./lib/db.ts:1:1)
    at <unknown> 
(https://nextjs.org/docs/messages/module-not-found)
